[192.168.2.12/index.html]
[backblue.gif]
[fade.gif]
[index.html]
[192.168.2.12/wp-content/uploads/theplus_gutenberg/plus-globalb04c.css]
[192.168.2.12/wp-content/uploads/theplus_gutenberg/theplus-post-20.minb04c.css]
[192.168.2.12/wp-content/plugins/layout-grid/style7b3e.css]
[192.168.2.12/wp-includes/css/dist/block-library/style.minef10.css]
[192.168.2.12/comments/feed/index.html]
[192.168.2.12/feed/index.html]
[192.168.2.12/wp-content/uploads/theplus_gutenberg/plus-css-20b04c.css]
[192.168.2.12/wp-content/plugins/advanced-backgrounds/assets/awb/awb.mincad0.css]
[192.168.2.12/wp-content/plugins/contact-form-7/includes/css/styles9bd2.css]
[192.168.2.12/wp-content/plugins/the-plus-addons-for-block-editor/assets/css/extra/fontawesome.minef10.css]
[192.168.2.12/wp-includes/css/dashicons.minef10.css]
[192.168.2.12/wp-content/uploads/theplus_gutenberg/theplus-post-20.minb04c.js]
[192.168.2.12/wp-content/themes/neve/style-main-new.min7bc2.css]
[192.168.2.12/wp-content/plugins/add-to-any/addtoany.mind47c.css]
[192.168.2.12/wp-content/plugins/google-analytics-for-wordpress/assets/js/frontend-gtag.min3009.js]
[192.168.2.12/index.html]
[192.168.2.12/wp-content/plugins/add-to-any/addtoany.min4963.js]
[192.168.2.12/wp-content/plugins/anything-popup/anything-popupef10.js]
[192.168.2.12/wp-includes/css/dist/block-library/style.minef10.css]
[192.168.2.12/wp-includes/js/jquery/jquery-migrate.min5589.js]
[192.168.2.12/wp-json/index.html]
[192.168.2.12/wp-content/plugins/layout-grid/style7b3e.css]
[192.168.2.12/wp-content/plugins/duracelltomi-google-tag-manager/dist/js/analytics-talk-content-tracking9ac0.js]
[192.168.2.12/wp-content/plugins/advanced-backgrounds/assets/awb/awb.mincad0.css]
[192.168.2.12/wp-json/wp/v2/pages/20.json]
[192.168.2.12/wp-includes/js/jquery/jquery.minf43b.js]
[192.168.2.12/xmlrpc0db0.php]
[192.168.2.12/wp-content/plugins/the-plus-addons-for-block-editor/assets/css/extra/fontawesome.minef10.css]
[192.168.2.12/wp-json/oembed/1.0/embeda17d.json]
[192.168.2.12/wp-json/oembed/1.0/embed713b]
[192.168.2.12/wp-content/uploads/theplus_gutenberg/plus-globalb04c.css]
[192.168.2.12/wp-content/uploads/2022/06/bibleditlogoinkscape-copy-2.png]
[192.168.2.12/wp-content/uploads/2022/06/cropped-bibleditlogoinkscape-copy.png]
[192.168.2.12/wp-content/uploads/theplus_gutenberg/theplus-post-20.minb04c.css]
[192.168.2.12/installation/index.html]
[192.168.2.12/wp-content/plugins/contact-form-7/includes/css/styles9bd2.css]
[192.168.2.12/wp-content/uploads/2022/06/shonabibles3-1-e1656344651430.jpg]
[192.168.2.12/wp-includes/css/dashicons.minef10.css]
[192.168.2.12/help/index.html]
[192.168.2.12/wp-content/uploads/theplus_gutenberg/plus-css-20b04c.css]
[192.168.2.12/wp-content/themes/neve/style-main-new.min7bc2.css]
[192.168.2.12/wp-content/uploads/2022/06/shonabibles3.jpg]
[192.168.2.12/wp-content/plugins/add-to-any/addtoany.mind47c.css]
[192.168.2.12/video-tutorials/index.html]
[192.168.2.12/wp-content/plugins/shortcodes-ultimate/includes/css/shortcodes46c6.css]
[192.168.2.12/wp-content/plugins/advanced-backgrounds/assets/vendor/jarallax/dist/jarallax.min3601.js]
[192.168.2.12/wp-content/plugins/advanced-backgrounds/assets/vendor/jarallax/dist/jarallax-video.min3601.js]
[192.168.2.12/wp-content/plugins/advanced-backgrounds/assets/awb/awb.mincad0.js]
[192.168.2.12/wp-content/plugins/contact-form-7/includes/swv/js/index9bd2.js]
[192.168.2.12/wp-content/plugins/contact-form-7/includes/js/index9bd2.js]
[192.168.2.12/wp-content/plugins/wp-statistics/assets/js/trackeraa4a.js]
[192.168.2.12/wp-content/themes/neve/assets/js/build/modern/frontend7bc2.js]
[192.168.2.12/wp-includes/js/hoverIntent.min3e5a.js]
[192.168.2.12/wp-content/plugins/megamenu/js/maxmegamenu3d36.js]
[192.168.2.12/wp-content/plugins/the-plus-addons-for-block-editor/assets/fonts/fa-brands-400d41d.eot]
[192.168.2.12/wp-content/plugins/the-plus-addons-for-block-editor/assets/fonts/fa-brands-400.eot]
[192.168.2.12/wp-content/plugins/the-plus-addons-for-block-editor/assets/fonts/fa-brands-400.woff2]
[192.168.2.12/wp-content/plugins/the-plus-addons-for-block-editor/assets/fonts/fa-brands-400.ttf]
[192.168.2.12/wp-content/plugins/the-plus-addons-for-block-editor/assets/fonts/fa-brands-400.woff]
[192.168.2.12/wp-content/plugins/the-plus-addons-for-block-editor/assets/fonts/fa-regular-400d41d.eot]
[192.168.2.12/wp-content/plugins/the-plus-addons-for-block-editor/assets/fonts/fa-regular-400.eot]
[192.168.2.12/wp-content/plugins/the-plus-addons-for-block-editor/assets/fonts/fa-regular-400.woff2]
[192.168.2.12/wp-content/plugins/the-plus-addons-for-block-editor/assets/fonts/fa-regular-400.ttf]
[192.168.2.12/wp-content/plugins/the-plus-addons-for-block-editor/assets/fonts/fa-regular-400.woff]
[192.168.2.12/wp-content/plugins/the-plus-addons-for-block-editor/assets/fonts/fa-solid-900d41d.eot]
[192.168.2.12/wp-content/plugins/the-plus-addons-for-block-editor/assets/fonts/fa-solid-900.eot]
[192.168.2.12/wp-content/plugins/the-plus-addons-for-block-editor/assets/fonts/fa-solid-900.woff2]
[192.168.2.12/wp-content/plugins/the-plus-addons-for-block-editor/assets/fonts/fa-solid-900.ttf]
[192.168.2.12/wp-content/plugins/the-plus-addons-for-block-editor/assets/fonts/fa-solid-900.woff]
[192.168.2.12/wp-includes/fonts/dashicons7d4b.eot]
[192.168.2.12/installation/index.html]
[192.168.2.12/wp-includes/fonts/dashicons7d4b.ttf]
[192.168.2.12/wp-json/wp/v2/pages/348.json]
[192.168.2.12/wp-json/oembed/1.0/embed9752.json]
[192.168.2.12/index.php/support]
[192.168.2.12/index.php/video-tutorials]
[192.168.2.12/wp-json/oembed/1.0/embed5d8d]
[192.168.2.12/help/index.html]
[192.168.2.12/install-bibledit-on-iOS/index.html]
[192.168.2.12/wp-content/plugins/google-analytics-for-wordpress/assets/css/frontend.min3009.css]
[192.168.2.12/wp-content/plugins/shortcodes-ultimate/includes/css/iconsd279.css]
[192.168.2.12/features-bibledit]
[192.168.2.12/support/index.html]
[192.168.2.12/support]
[192.168.2.12/wp-content/plugins/shortcodes-ultimate/includes/js/shortcodes/index46c6.js]
[192.168.2.12/wp-json/wp/v2/pages/2073.json]
[192.168.2.12/wp-json/oembed/1.0/embed9937.json]
[192.168.2.12/help]
[192.168.2.12/wp-json/oembed/1.0/embed2dfb]
[192.168.2.12/video-tutorials/index.html]
[192.168.2.12/wp-content/plugins/shortcodes-ultimate/includes/css/shortcodes46c6.css]
[192.168.2.12/help-typesetting/index.html]
[192.168.2.12/wp-content/plugins/the-plus-addons-for-block-editor/assets/fonts/fa-brands-400.svg]
[192.168.2.12/wp-content/uploads/2022/06/IMG_1112-150x150.jpg]
[192.168.2.12/wp-content/uploads/2022/06/shonabibles3-150x150.jpg]
[192.168.2.12/features-bibledit/index.html]
[192.168.2.12/wp-content/plugins/the-plus-addons-for-block-editor/assets/fonts/fa-regular-400.svg]
[192.168.2.12/wp-json/wp/v2/pages/346.json]
[192.168.2.12/wp-json/oembed/1.0/embed9c38.json]
[192.168.2.12/wp-content/plugins/the-plus-addons-for-block-editor/assets/fonts/fa-solid-900.svg]
[192.168.2.12/wp-json/oembed/1.0/embed4d10]
[192.168.2.12/wp-content/uploads/2022/07/sixteen-miles-out-L-mNqn89I2s-unsplash-2-scaled.jpg]
[192.168.2.12/index2206.html]
[192.168.2.12/wp-content/uploads/2022/06/devices.png]
[192.168.2.12/wp-content/plugins/shortcodes-ultimate/includes/images/player/default.png]
[192.168.2.12/wp-content/plugins/shortcodes-ultimate/includes/images/styles/style-soft.png]
[192.168.2.12/install-bibledit-on-windows]
[192.168.2.12/wp-content/plugins/shortcodes-ultimate/includes/images/styles/style-bubbles.png]
[192.168.2.12/wp-content/plugins/shortcodes-ultimate/includes/images/styles/style-noise.png]
[192.168.2.12/wp-content/plugins/shortcodes-ultimate/includes/images/styles/style-glass.png]
[192.168.2.12/install-bibledit-on-linux]
[192.168.2.12/wp-content/plugins/shortcodes-ultimate/includes/images/quote.png]
[192.168.2.12/wp-content/plugins/shortcodes-ultimate/includes/images/player/default-start.png]
[192.168.2.12/wp-content/plugins/shortcodes-ultimate/includes/images/swiper/default.png]
[192.168.2.12/install-bibledit-on-macos]
[192.168.2.12/install-bibledit-on-chrome-os]
[192.168.2.12/install-bibledit-on-chrome-os/index.html]
[192.168.2.12/install-bibledit-on-linux/index.html]
[192.168.2.12/install-bibledit-on-macos/index.html]
[192.168.2.12/install-bibledit-on-windows/index.html]
[192.168.2.12/install-bibledit-on-iOS/index.html]
[192.168.2.12/install-bibledit-on-android]
[192.168.2.12/install-bibledit-on-ios/index-2.html]
[192.168.2.12/wp-json/wp/v2/pages/2002.json]
[192.168.2.12/wp-json/oembed/1.0/embed8f04.json]
[192.168.2.12/install-bibledit-cloud-on-ubuntu]
[192.168.2.12/wp-json/oembed/1.0/embed4310]
[192.168.2.12/install-bibledit-on-android/index.html]
[192.168.2.12/install-bibledit-cloud-on-ubuntu/index.html]
[192.168.2.12/support/index.html]
[192.168.2.12/wp-content/plugins/google-analytics-for-wordpress/assets/css/frontend.min3009.css]
[192.168.2.12/wp-json/wp/v2/pages/344.json]
[192.168.2.12/wp-json/oembed/1.0/embede751.json]
[192.168.2.12/wp-content/plugins/shortcodes-ultimate/includes/css/iconsd279.css]
[192.168.2.12/wp-content/uploads/2022/06/02.jpg]
[192.168.2.12/wp-content/plugins/shortcodes-ultimate/vendor/fork-awesome/fonts/forkawesome-webfont5438.eot]
[192.168.2.12/indexd85d.html]
[192.168.2.12/wp-json/oembed/1.0/embed2e18]
[192.168.2.12/wp-content/plugins/shortcodes-ultimate/vendor/fork-awesome/fonts/forkawesome-webfont5438.woff2]
[192.168.2.12/wp-content/plugins/shortcodes-ultimate/vendor/fork-awesome/fonts/forkawesome-webfontd41d.eot]
[192.168.2.12/help-introduction]
[192.168.2.12/wp-content/plugins/shortcodes-ultimate/vendor/fork-awesome/fonts/forkawesome-webfont5438.ttf]
[192.168.2.12/wp-content/plugins/shortcodes-ultimate/vendor/fork-awesome/fonts/forkawesome-webfont5438.woff]
[192.168.2.12/help-introduction/index.html]
[192.168.2.12/help-installation]
[192.168.2.12/help-methodology]
[192.168.2.12/help-navigation]
[192.168.2.12/help-keyboard-shortcuts]
[192.168.2.12/help-methodology/index.html]
[192.168.2.12/help-navigation/index.html]
[192.168.2.12/help-keyboard-shortcuts/index.html]
[192.168.2.12/help-installation/index.html]
[192.168.2.12/help-screen-swiping]
[192.168.2.12/help-consultations]
[192.168.2.12/help-consistency]
[192.168.2.12/help-checks]
[192.168.2.12/help-screen-swiping/index.html]
[192.168.2.12/help-consultations/index.html]
[192.168.2.12/help-consistency/index.html]
[192.168.2.12/help-checks/index.html]
[192.168.2.12/help-teams]
[192.168.2.12/help-typesetting/index.html]
[192.168.2.12/help-tips-and-tricks]
[192.168.2.12/help-teams/index.html]
[192.168.2.12/wp-json/wp/v2/pages/2106.json]
[192.168.2.12/wp-json/oembed/1.0/embedde25.json]
[192.168.2.12/help-about]
[192.168.2.12/wp-json/oembed/1.0/embedf9c1]
[192.168.2.12/features-bibledit/index.html]
[192.168.2.12/index17f1.html]
[192.168.2.12/install-bibledit-on-windows/index.html]
[192.168.2.12/help-about/index.html]
[192.168.2.12/help-tips-and-tricks/index.html]
[192.168.2.12/wp-json/wp/v2/pages/3502.json]
[192.168.2.12/install-bibledit-on-linux/index.html]
[192.168.2.12/wp-json/oembed/1.0/embeda791]
[192.168.2.12/wp-json/oembed/1.0/embedb9d0.json]
[192.168.2.12/install-bibledit-on-macos/index.html]
[192.168.2.12/wp-json/wp/v2/pages/1965.json]
[192.168.2.12/install-bibledit-on-chrome-os/index.html]
[192.168.2.12/wp-json/oembed/1.0/embedfb4c.json]
[192.168.2.12/install-bibledit-on-ios/index-2.html]
[192.168.2.12/wp-json/oembed/1.0/embedc919]
[192.168.2.12/wp-json/wp/v2/pages/1968.json]
[192.168.2.12/index68e0.html]
[192.168.2.12/wp-json/oembed/1.0/embed2655]
[192.168.2.12/wp-json/oembed/1.0/embed9d16.json]
[192.168.2.12/install-bibledit-on-android/index.html]
[192.168.2.12/wp-json/wp/v2/pages/1979.json]
[192.168.2.12/wp-json/oembed/1.0/embed0706.json]
[192.168.2.12/install-bibledit-cloud-on-ubuntu/index.html]
[192.168.2.12/wp-json/wp/v2/pages/1999.json]
[192.168.2.12/wp-json/oembed/1.0/embedebc3]
[192.168.2.12/wp-json/oembed/1.0/embedd5b9]
[192.168.2.12/wp-json/oembed/1.0/embed299d.json]
[192.168.2.12/wp-json/wp/v2/pages/2007.json]
[192.168.2.12/index6150.html]
[192.168.2.12/wp-json/oembed/1.0/embed7fae.json]
[192.168.2.12/wp-json/oembed/1.0/embed2d3c]
[192.168.2.12/wp-content/plugins/shortcodes-ultimate/vendor/fork-awesome/fonts/forkawesome-webfont5438.svg]
[192.168.2.12/wp-json/wp/v2/pages/1983.json]
[192.168.2.12/wp-json/oembed/1.0/embed3572.json]
[192.168.2.12/wp-json/oembed/1.0/embedb3bb]
[192.168.2.12/help-introduction/index.html]
[192.168.2.12/wp-json/wp/v2/pages/2084.json]
[192.168.2.12/help-installation/index.html]
[192.168.2.12/wp-json/oembed/1.0/embed15b2.json]
[192.168.2.12/wp-json/wp/v2/pages/2086.json]
[192.168.2.12/help-methodology/index.html]
[192.168.2.12/wp-json/oembed/1.0/embed9962]
[192.168.2.12/help-navigation/index.html]
[192.168.2.12/wp-json/oembed/1.0/embedfd13.json]
[192.168.2.12/wp-json/oembed/1.0/embed768a]
[192.168.2.12/help-keyboard-shortcuts/index.html]
[192.168.2.12/install-bibledit-cloud-on-debian-and-ubuntu/index.html]
[192.168.2.12/help-screen-swiping/index.html]
[192.168.2.12/wp-json/wp/v2/pages/2088.json]
[192.168.2.12/wp-json/oembed/1.0/embed08f7.json]
[192.168.2.12/help-consultations/index.html]
[192.168.2.12/wp-json/oembed/1.0/embedc93b]
[192.168.2.12/help-consistency/index.html]
[192.168.2.12/help-checks/index.html]
[192.168.2.12/help-teams/index.html]
[192.168.2.12/wp-json/wp/v2/pages/2090.json]
[192.168.2.12/wp-json/oembed/1.0/embedc4ec.json]
[192.168.2.12/indexd543.html]
[192.168.2.12/wp-json/oembed/1.0/embed4b82]
[192.168.2.12/typesetting-in-libreoffice]
[192.168.2.12/wp-json/wp/v2/pages/2092.json]
[192.168.2.12/typesetting-in-scribus]
[192.168.2.12/wp-json/oembed/1.0/embed86f1.json]
[192.168.2.12/typesetting-in-adobe-indesign]
[192.168.2.12/wp-json/oembed/1.0/embed1d5b]
[192.168.2.12/wp-json/wp/v2/pages/2098.json]
[192.168.2.12/help-tips-and-tricks/index.html]
[192.168.2.12/wp-json/oembed/1.0/embed2970]
[192.168.2.12/wp-json/oembed/1.0/embede5dd.json]
[192.168.2.12/help-about/index.html]
[192.168.2.12/wp-json/wp/v2/pages/2096.json]
[192.168.2.12/wp-json/oembed/1.0/embed1f31.json]
[192.168.2.12/wp-json/oembed/1.0/embedea1a]
[192.168.2.12/index7d63.html]
[192.168.2.12/wp-json/wp/v2/pages/2100.json]
[192.168.2.12/wp-json/oembed/1.0/embed4244.json]
[192.168.2.12/index2752.html]
[192.168.2.12/wp-json/oembed/1.0/embed5165]
[192.168.2.12/wp-json/wp/v2/pages/2102.json]
[192.168.2.12/index1923.html]
[192.168.2.12/install-bibledit-on-ubuntu]
[192.168.2.12/wp-json/oembed/1.0/embed9cb6.json]
[192.168.2.12/wp-json/oembed/1.0/embed4e8e]
[192.168.2.12/wp-json/wp/v2/pages/2104.json]
[192.168.2.12/index1e78.html]
[192.168.2.12/wp-json/oembed/1.0/embed0a50.json]
[192.168.2.12/wp-json/oembed/1.0/embedcc50]
[192.168.2.12/index6752.html]
[192.168.2.12/typesetting-in-scribus/index.html]
[192.168.2.12/typesetting-in-libreoffice/index.html]
[192.168.2.12/typesetting-in-adobe-indesign/index.html]
[192.168.2.12/wp-json/wp/v2/pages/2108.json]
[192.168.2.12/index30ee.html]
[192.168.2.12/index7c5e.html]
[192.168.2.12/wp-json/oembed/1.0/embedf6e2.json]
[192.168.2.12/wp-json/oembed/1.0/embed07a1]
[192.168.2.12/wp-json/wp/v2/pages/2110.json]
[192.168.2.12/index13e6.html]
[192.168.2.12/index30cd.html]
[192.168.2.12/wp-json/oembed/1.0/embedf23c.json]
[192.168.2.12/wp-json/oembed/1.0/embed19be]
[192.168.2.12/index8b9f.html]
[192.168.2.12/install-bibledit-on-window]
[192.168.2.12/install-bibledit-on-ios]
[192.168.2.12/install-bibledit-cloud-on-centos]
[192.168.2.12/install-bibledit-on-ubuntu/index.html]
[192.168.2.12/install-bibledit-cloud-on-centos/index.html]
[192.168.2.12/install-bibledit-cloud-on-debian-and-ubuntu/index.html]
[192.168.2.12/install-bibledit-cloud-on-linux]
[192.168.2.12/wp-json/oembed/1.0/embed9747.json]
[192.168.2.12/wp-json/wp/v2/pages/1988.json]
[192.168.2.12/wp-json/oembed/1.0/embed4ac2]
[192.168.2.12/install-bibledit-cloud-on-linux/index.html]
[192.168.2.12/index024c.html]
[192.168.2.12/scrum-based-translation]
[192.168.2.12/help-discussions.html]
[192.168.2.12/lean-management]
[192.168.2.12/index9dc4.html]
[192.168.2.12/indexccbb.html]
[192.168.2.12/index29c8.html]
[192.168.2.12/indexc648.html]
[192.168.2.12/indexe3ee.html]
[192.168.2.12/index4fc9.html]
[192.168.2.12/indexde16.html]
[192.168.2.12/typesetting-in-libreoffice/index.html]
[192.168.2.12/typesetting-in-scribus/index.html]
[192.168.2.12/scrum-based-translation/index.html]
[192.168.2.12/lean-management/index.html]
[192.168.2.12/typesetting-in-adobe-indesign/index.html]
[192.168.2.12/wp-json/wp/v2/pages/2168.json]
[192.168.2.12/index8f7c.html]
[192.168.2.12/wp-json/oembed/1.0/embed2cab.json]
[192.168.2.12/wp-json/oembed/1.0/embedc4d6]
[192.168.2.12/wp-json/wp/v2/pages/2171.json]
[192.168.2.12/index2f60.html]
[192.168.2.12/free-bible]
[192.168.2.12/wp-json/oembed/1.0/embed13ef.json]
[192.168.2.12/wp-json/oembed/1.0/embedfb3e]
[192.168.2.12/wp-json/wp/v2/pages/2174.json]
[192.168.2.12/changelog]
[192.168.2.12/licenses]
[192.168.2.12/wp-json/oembed/1.0/embede7b1.json]
[192.168.2.12/wp-json/oembed/1.0/embedd9ee]
[192.168.2.12/free-bible/index.html]
[192.168.2.12/install-bibledit-on-ubuntu/index.html]
[192.168.2.12/licenses/index.html]
[192.168.2.12/install-bibledit-cloud-on-centos/index.html]
[192.168.2.12/changelog/index.html]
[192.168.2.12/wp-json/wp/v2/pages/1972.json]
[192.168.2.12/index73f2.html]
[192.168.2.12/wp-json/oembed/1.0/embed23e6.json]
[192.168.2.12/wp-json/wp/v2/pages/2133.json]
[192.168.2.12/wp-json/oembed/1.0/embeda5cb]
[192.168.2.12/install-bibledit-cloud-on-linux/index.html]
[192.168.2.12/scrum-based-translation/index.html]
[192.168.2.12/wp-json/oembed/1.0/embed767d.json]
[192.168.2.12/lean-management/index.html]
[192.168.2.12/wp-json/oembed/1.0/embed4020]
[192.168.2.12/wp-json/wp/v2/pages/2879.json]
[192.168.2.12/index1313.html]
[192.168.2.12/wp-json/oembed/1.0/embed0d0e]
[192.168.2.12/wp-json/wp/v2/pages/2143.json]
[192.168.2.12/wp-json/oembed/1.0/embed765f.json]
[192.168.2.12/index4fb4.html]
[192.168.2.12/wp-json/oembed/1.0/embedff55.json]
[192.168.2.12/wp-json/oembed/1.0/embed9337]
[192.168.2.12/wp-json/wp/v2/pages/2148.json]
[192.168.2.12/indexad76.html]
[192.168.2.12/free-bible/index.html]
[192.168.2.12/wp-json/oembed/1.0/embed77d3.json]
[192.168.2.12/wp-json/oembed/1.0/embed93a1]
[192.168.2.12/changelog/index.html]
[192.168.2.12/wp-json/wp/v2/pages/2195.json]
[192.168.2.12/wp-json/oembed/1.0/embed6dc2.json]
[192.168.2.12/wp-json/oembed/1.0/embed860f]
[192.168.2.12/licenses/index.html]
[192.168.2.12/indexb6a6.html]
[192.168.2.12/wp-json/oembed/1.0/embed8238.json]
[192.168.2.12/wp-json/wp/v2/pages/2197.json]
[192.168.2.12/wp-json/wp/v2/pages/2199.json]
[192.168.2.12/index6654.html]
[192.168.2.12/wp-json/oembed/1.0/embed0ce2]
[192.168.2.12/index071b.html]
[192.168.2.12/index5f74.html]
[192.168.2.12/index0704.html]
[192.168.2.12/indexc292.html]
[192.168.2.12/wp-json/oembed/1.0/embed43e4]
[192.168.2.12/wp-json/oembed/1.0/embed5626.json]
[192.168.2.12/index37c7.html]
[192.168.2.12/indexede1.html]
