[bibledit.org/index.html]
[backblue.gif]
[fade.gif]
[index.html]
[bibledit.org/wp-includes/css/dist/block-library/style.min37ad.css]
[bibledit.org/wp-content/plugins/layout-grid/style99d9.css]
[bibledit.org/feed/index.html]
[bibledit.org/comments/feed/index.html]
[bibledit.org/wp-content/plugins/advanced-backgrounds/assets/awb/awb.minc801.css]
[bibledit.org/wp-content/plugins/wpforms-lite/assets/css/wpforms-full.mine945.css]
[bibledit.org/wp-content/plugins/the-plus-addons-for-block-editor/assets/css/extra/fontawesome.min37ad.css]
[bibledit.org/wp-content/uploads/theplus_gutenberg/plus-globalaa8d.css]
[bibledit.org/wp-content/uploads/theplus_gutenberg/theplus-post-20.minaa8d.css]
[bibledit.org/wp-content/plugins/contact-form-7/includes/css/styles4c7e.css]
[bibledit.org/wp-includes/css/dashicons.min37ad.css]
[bibledit.org/wp-content/uploads/theplus_gutenberg/plus-css-20aa8d.css]
[bibledit.org/wp-content/themes/neve/style-main-new.min9b70.css]
[bibledit.org/wp-content/plugins/add-to-any/addtoany.mind47c.css]
[bibledit.org/wp-content/plugins/google-analytics-for-wordpress/assets/js/frontend-gtag.min5d2d.js]
[bibledit.org/wp-includes/js/jquery/jquery.minaf6c.js]
[bibledit.org/wp-includes/js/jquery/jquery-migrate.mind617.js]
[bibledit.org/wp-content/plugins/add-to-any/addtoany.min4963.js]
[bibledit.org/wp-content/plugins/anything-popup/anything-popup37ad.js]
[bibledit.org/wp-content/plugins/duracelltomi-google-tag-manager/js/analytics-talk-content-tracking34dd.js]
[bibledit.org/wp-json/wp/v2/pages/20.json]
[bibledit.org/xmlrpc0db0.php]
[bibledit.org/wp-json/index.html]
[bibledit.org/wp-includes/wlwmanifest.xml]
[bibledit.org/wp-json/oembed/1.0/embed15a5.json]
[bibledit.org/wp-json/oembed/1.0/embed8c29]
[bibledit.org/wp-json/wp-statistics/v2/hitd85e.json]
[bibledit.org/wp-content/uploads/2022/06/bibleditlogoinkscape-copy-2.png]
[bibledit.org/wp-content/uploads/2022/06/cropped-bibleditlogoinkscape-copy.png]
[bibledit.org/installation/index.html]
[bibledit.org/support/index.html]
[bibledit.org/wp-content/uploads/2022/06/shonabibles3-1-e1656344651430.jpg]
[bibledit.org/video-tutorials/index.html]
[bibledit.org/contact/index.html]
[bibledit.org/help/index.html]
[bibledit.org/features-bibledit/index.html]
[bibledit.org/wp-content/uploads/2022/06/shonabibles3.jpg]
[bibledit.org/wp-content/plugins/shortcodes-ultimate/includes/css/shortcodesb683.css]
[bibledit.org/wp-content/plugins/advanced-backgrounds/assets/vendor/jarallax/jarallax.min1c12.js]
[bibledit.org/wp-content/plugins/advanced-backgrounds/assets/vendor/jarallax/jarallax-video.min1c12.js]
[bibledit.org/wp-content/plugins/advanced-backgrounds/assets/awb/awb.minc801.js]
[bibledit.org/wp-content/uploads/theplus_gutenberg/theplus-post-20.minaa8d.js]
[bibledit.org/wp-includes/js/dist/vendor/regenerator-runtime.min3937.js]
[bibledit.org/wp-includes/js/dist/vendor/wp-polyfill.min2c7c.js]
[bibledit.org/wp-content/plugins/contact-form-7/includes/js/index4c7e.js]
[bibledit.org/wp-content/themes/neve/assets/js/build/modern/frontend9b70.js]
[bibledit.org/wp-includes/js/comment-reply.min37ad.js]
[bibledit.org/wp-includes/js/hoverIntent.min3e5a.js]
[bibledit.org/wp-content/plugins/megamenu/js/maxmegamenu4315.js]
[bibledit.org/index.html]
[bibledit.org/wp-includes/css/dist/block-library/style.min37ad.css]
[bibledit.org/wp-content/plugins/layout-grid/style99d9.css]
[bibledit.org/wp-content/plugins/advanced-backgrounds/assets/awb/awb.minc801.css]
[bibledit.org/wp-content/plugins/wpforms-lite/assets/css/wpforms-full.mine945.css]
[bibledit.org/wp-content/plugins/the-plus-addons-for-block-editor/assets/fonts/fa-brands-400.eot]
[bibledit.org/wp-content/plugins/the-plus-addons-for-block-editor/assets/fonts/fa-brands-400d41d.eot]
[bibledit.org/wp-content/plugins/the-plus-addons-for-block-editor/assets/fonts/fa-brands-400.woff2]
[bibledit.org/wp-content/plugins/the-plus-addons-for-block-editor/assets/fonts/fa-brands-400.woff]
[bibledit.org/wp-content/plugins/the-plus-addons-for-block-editor/assets/fonts/fa-brands-400.ttf]
[bibledit.org/wp-content/plugins/the-plus-addons-for-block-editor/assets/fonts/fa-regular-400.eot]
[bibledit.org/wp-content/plugins/the-plus-addons-for-block-editor/assets/fonts/fa-regular-400d41d.eot]
[bibledit.org/wp-content/plugins/the-plus-addons-for-block-editor/assets/fonts/fa-regular-400.woff2]
[bibledit.org/wp-content/plugins/the-plus-addons-for-block-editor/assets/fonts/fa-regular-400.woff]
[bibledit.org/wp-content/plugins/the-plus-addons-for-block-editor/assets/fonts/fa-regular-400.ttf]
[bibledit.org/wp-content/plugins/the-plus-addons-for-block-editor/assets/fonts/fa-solid-900.eot]
[bibledit.org/wp-content/plugins/the-plus-addons-for-block-editor/assets/fonts/fa-solid-900d41d.eot]
[bibledit.org/wp-content/plugins/the-plus-addons-for-block-editor/assets/fonts/fa-solid-900.woff2]
[bibledit.org/wp-content/plugins/the-plus-addons-for-block-editor/assets/fonts/fa-solid-900.woff]
[bibledit.org/wp-content/plugins/the-plus-addons-for-block-editor/assets/fonts/fa-solid-900.ttf]
[bibledit.org/wp-content/plugins/the-plus-addons-for-block-editor/assets/css/extra/fontawesome.min37ad.css]
[bibledit.org/wp-content/uploads/theplus_gutenberg/plus-globalaa8d.css]
[bibledit.org/wp-content/uploads/theplus_gutenberg/theplus-post-20.minaa8d.css]
[bibledit.org/wp-content/plugins/contact-form-7/includes/css/styles4c7e.css]
[bibledit.org/wp-includes/fonts/dashicons7d4b.eot]
[bibledit.org/wp-includes/fonts/dashicons7d4b.ttf]
[bibledit.org/wp-includes/css/dashicons.min37ad.css]
[bibledit.org/wp-content/uploads/theplus_gutenberg/plus-css-20aa8d.css]
[bibledit.org/wp-content/themes/neve/style-main-new.min9b70.css]
[bibledit.org/wp-content/plugins/add-to-any/addtoany.mind47c.css]
[bibledit.org/GET.html]
[bibledit.org/wp-content/uploads/2022/06/google-play-badge.png]
[bibledit.org/wp-json/wp/v2/pages/348.json]
[bibledit.org/wp-json/oembed/1.0/embedfe97.json]
[bibledit.org/wp-json/oembed/1.0/embede5bf]
[bibledit.org/wp-json/wp-statistics/v2/hit8110.json]
[bibledit.org/install-bibledit-on-windows/index.html]
[bibledit.org/install-bibledit-on-linux/index.html]
[bibledit.org/install-bibledit-on-macos/index.html]
[bibledit.org/install-bibledit-on-chrome-os/index.html]
[bibledit.org/install-bibledit-on-iOS/index.html]
[bibledit.org/install-bibledit-on-android/index.html]
[bibledit.org/wp-content/uploads/2022/06/apple-store-badge-nl.jpg]
[bibledit.org/install-bibledit-cloud-on-ubuntu/index.html]
[bibledit.org/wp-content/plugins/google-analytics-for-wordpress/assets/css/frontend.min5d2d.css]
[bibledit.org/wp-content/plugins/shortcodes-ultimate/includes/css/iconsd279.css]
[bibledit.org/wp-content/plugins/shortcodes-ultimate/includes/js/shortcodes/indexb683.js]
[bibledit.org/installation/index.html]
[bibledit.org/wp-json/wp/v2/pages/344.json]
[bibledit.org/wp-json/oembed/1.0/embedb913.json]
[bibledit.org/wp-json/oembed/1.0/embed4a89]
[bibledit.org/wp-json/wp-statistics/v2/hit8e75.json]
[bibledit.org/wp-content/uploads/2022/06/02.jpg]
[bibledit.org/support/index.html]
[bibledit.org/wp-content/uploads/2022/06/devices.png]
[bibledit.org/wp-json/wp/v2/pages/346.json]
[bibledit.org/wp-json/oembed/1.0/embedbe1f.json]
[bibledit.org/wp-json/oembed/1.0/embed6579]
[bibledit.org/wp-json/wp-statistics/v2/hit4424.json]
[bibledit.org/wp-content/uploads/2022/07/sixteen-miles-out-L-mNqn89I2s-unsplash-2-scaled.jpg]
[bibledit.org/video-tutorials/index.html]
[bibledit.org/wp-json/wp/v2/pages/2073.json]
[bibledit.org/wp-json/oembed/1.0/embed4898.json]
[bibledit.org/wp-json/oembed/1.0/embeddfb3]
[bibledit.org/wp-json/wp-statistics/v2/hitd3e4.json]
[bibledit.org/help-introduction/index.html]
[bibledit.org/help-installation/index.html]
[bibledit.org/help-methodology/index.html]
[bibledit.org/help-navigation/index.html]
[bibledit.org/help-keyboard-shortcuts/index.html]
[bibledit.org/help-screen-swiping/index.html]
[bibledit.org/help-consultations/index.html]
[bibledit.org/help-consistency/index.html]
[bibledit.org/help-checks/index.html]
[bibledit.org/help-teams/index.html]
[bibledit.org/help-typesetting/index.html]
[bibledit.org/help-tips-and-tricks/index.html]
[bibledit.org/wp-content/uploads/2022/06/IMG_1112-150x150.jpg]
[bibledit.org/help-about/index.html]
[bibledit.org/wp-content/uploads/2022/06/shonabibles3-150x150.jpg]
[bibledit.org/help/index.html]
[bibledit.org/wp-json/wp/v2/pages/3272.json]
[bibledit.org/wp-json/oembed/1.0/embed2314.json]
[bibledit.org/wp-json/oembed/1.0/embede195]
[bibledit.org/wp-json/wp-statistics/v2/hitd927.json]
[bibledit.org/wp-content/plugins/akismet/_inc/akismet-frontenda27f.js]
[bibledit.org/contact/index.html]
[bibledit.org/wp-json/wp/v2/pages/3502.json]
[bibledit.org/wp-json/oembed/1.0/embed8361.json]
[bibledit.org/wp-json/oembed/1.0/embed938a]
[bibledit.org/wp-json/wp-statistics/v2/hit35a5.json]
[bibledit.org/features-bibledit/index.html]
[bibledit.org/donate.html]
[bibledit.org/wp-content/plugins/shortcodes-ultimate/includes/images/player/default.png]
[bibledit.org/wp-content/plugins/shortcodes-ultimate/includes/images/styles/style-soft.png]
[bibledit.org/wp-content/plugins/shortcodes-ultimate/includes/images/styles/style-glass.png]
[bibledit.org/wp-content/plugins/shortcodes-ultimate/includes/images/styles/style-bubbles.png]
[bibledit.org/wp-content/plugins/shortcodes-ultimate/includes/images/styles/style-noise.png]
[bibledit.org/wp-content/plugins/shortcodes-ultimate/includes/images/swiper/default.png]
[bibledit.org/wp-content/plugins/shortcodes-ultimate/includes/images/quote.png]
[bibledit.org/wp-content/plugins/shortcodes-ultimate/includes/images/player/default-start.png]
[bibledit.org/wp-content/plugins/shortcodes-ultimate/includes/css/shortcodesb683.css]
[bibledit.org/wp-content/plugins/wpforms-lite/assets/images/times-solid-white.svg]
[bibledit.org/wp-content/plugins/the-plus-addons-for-block-editor/assets/fonts/fa-brands-400.svg]
[bibledit.org/wp-content/plugins/the-plus-addons-for-block-editor/assets/fonts/fa-regular-400.svg]
[bibledit.org/wp-content/plugins/the-plus-addons-for-block-editor/assets/fonts/fa-solid-900.svg]
[bibledit.org/index2206.html]
[bibledit.org/installation/GET.html]
[bibledit.org/wp-json/wp/v2/pages/1965.json]
[bibledit.org/wp-json/oembed/1.0/embedc395.json]
[bibledit.org/wp-json/oembed/1.0/embedcb02]
[bibledit.org/wp-json/wp-statistics/v2/hitb7ba.json]
[bibledit.org/install-bibledit-on-windows/index.html]
[bibledit.org/wp-json/wp/v2/pages/1968.json]
[bibledit.org/wp-json/oembed/1.0/embed1d52.json]
[bibledit.org/wp-json/oembed/1.0/embedc136]
[bibledit.org/wp-json/wp-statistics/v2/hit8f0d.json]
[bibledit.org/install-bibledit-on-linux/index.html]
[bibledit.org/wp-json/wp/v2/pages/1979.json]
[bibledit.org/install-bibledit-on-ubuntu/index.html]
[bibledit.org/wp-json/oembed/1.0/embed012a.json]
[bibledit.org/wp-json/oembed/1.0/embedb36f]
[bibledit.org/wp-json/wp-statistics/v2/hit347e.json]
[bibledit.org/install-bibledit-on-macos/index.html]
[bibledit.org/wp-json/wp/v2/pages/1999.json]
[bibledit.org/wp-json/oembed/1.0/embed8896.json]
[bibledit.org/wp-json/oembed/1.0/embedbbe3]
[bibledit.org/wp-json/wp-statistics/v2/hite0c8.json]
[bibledit.org/install-bibledit-on-chrome-os/index.html]
[bibledit.org/wp-json/wp/v2/pages/2002.json]
[bibledit.org/install-bibledit-on-ios/index-2.html]
[bibledit.org/wp-json/oembed/1.0/embedfd68.json]
[bibledit.org/wp-json/oembed/1.0/embed3d0b]
[bibledit.org/wp-json/wp-statistics/v2/hit93d8.json]
[bibledit.org/install-bibledit-on-iOS/index.html]
[bibledit.org/wp-json/wp/v2/pages/2007.json]
[bibledit.org/wp-json/oembed/1.0/embed1f67.json]
[bibledit.org/wp-json/oembed/1.0/embed2141]
[bibledit.org/wp-json/wp-statistics/v2/hitce7f.json]
[bibledit.org/install-bibledit-on-android/index.html]
[bibledit.org/wp-json/wp/v2/pages/1983.json]
[bibledit.org/wp-json/oembed/1.0/embed8e6a.json]
[bibledit.org/wp-json/oembed/1.0/embed5595]
[bibledit.org/wp-json/wp-statistics/v2/hit4533.json]
[bibledit.org/install-bibledit-cloud-on-ubuntu/index.html]
[bibledit.org/wp-content/plugins/google-analytics-for-wordpress/assets/css/frontend.min5d2d.css]
[bibledit.org/install-bibledit-cloud-on-debian-and-ubuntu/index.html]
[bibledit.org/wp-content/plugins/shortcodes-ultimate/vendor/fork-awesome/fonts/forkawesome-webfont5438.eot]
[bibledit.org/wp-content/plugins/shortcodes-ultimate/vendor/fork-awesome/fonts/forkawesome-webfontd41d.eot]
[bibledit.org/wp-content/plugins/shortcodes-ultimate/vendor/fork-awesome/fonts/forkawesome-webfont5438.woff2]
[bibledit.org/wp-content/plugins/shortcodes-ultimate/vendor/fork-awesome/fonts/forkawesome-webfont5438.woff]
[bibledit.org/wp-content/plugins/shortcodes-ultimate/vendor/fork-awesome/fonts/forkawesome-webfont5438.ttf]
[bibledit.org/wp-content/plugins/shortcodes-ultimate/includes/css/iconsd279.css]
[bibledit.org/index6150.html]
[bibledit.org/support/GET.html]
[bibledit.org/index17f1.html]
[bibledit.org/video-tutorials/GET.html]
[bibledit.org/indexd85d.html]
[bibledit.org/help/GET.html]
[bibledit.org/wp-json/wp/v2/pages/2084.json]
[bibledit.org/wp-json/oembed/1.0/embed7313.json]
[bibledit.org/wp-json/oembed/1.0/embed9fa1]
[bibledit.org/wp-json/wp-statistics/v2/hit129a.json]
[bibledit.org/help-introduction/index.html]
[bibledit.org/wp-json/wp/v2/pages/2086.json]
[bibledit.org/wp-json/oembed/1.0/embed6056.json]
[bibledit.org/wp-json/oembed/1.0/embed4ab7]
[bibledit.org/wp-json/wp-statistics/v2/hite726.json]
[bibledit.org/install-bibledit-cloud-on-centos/index.html]
[bibledit.org/help-installation/index.html]
[bibledit.org/wp-json/wp/v2/pages/2088.json]
[bibledit.org/install-bibledit-cloud-on-linux/index.html]
[bibledit.org/wp-json/oembed/1.0/embeda3e5.json]
[bibledit.org/wp-json/oembed/1.0/embed8487]
[bibledit.org/wp-json/wp-statistics/v2/hit90e8.json]
[bibledit.org/scrum-based-translation/index.html]
[bibledit.org/help-methodology/index.html]
[bibledit.org/wp-json/wp/v2/pages/2090.json]
[bibledit.org/lean-management/index.html]
[bibledit.org/wp-json/oembed/1.0/embedeb5b.json]
[bibledit.org/wp-json/oembed/1.0/embedf8fc]
[bibledit.org/wp-json/wp-statistics/v2/hit3eef.json]
[bibledit.org/help-navigation/index.html]
[bibledit.org/wp-json/wp/v2/pages/2092.json]
[bibledit.org/wp-json/oembed/1.0/embed17b9.json]
[bibledit.org/wp-json/oembed/1.0/embed712b]
[bibledit.org/wp-json/wp-statistics/v2/hit682e.json]
[bibledit.org/help-keyboard-shortcuts/index.html]
[bibledit.org/wp-json/wp/v2/pages/2098.json]
[bibledit.org/wp-json/oembed/1.0/embedaa25.json]
[bibledit.org/wp-json/oembed/1.0/embed4556]
[bibledit.org/wp-json/wp-statistics/v2/hit94ab.json]
[bibledit.org/help-screen-swiping/index.html]
[bibledit.org/wp-json/wp/v2/pages/2096.json]
[bibledit.org/wp-json/oembed/1.0/embed37dc.json]
[bibledit.org/wp-json/oembed/1.0/embedfb18]
[bibledit.org/wp-json/wp-statistics/v2/hit2d1e.json]
[bibledit.org/help-consultations/index.html]
[bibledit.org/wp-json/wp/v2/pages/2100.json]
[bibledit.org/wp-json/oembed/1.0/embed8ad9.json]
[bibledit.org/wp-json/oembed/1.0/embed98bb]
[bibledit.org/wp-json/wp-statistics/v2/hitc8d2.json]
[bibledit.org/help-consistency/index.html]
[bibledit.org/wp-json/wp/v2/pages/2102.json]
[bibledit.org/wp-json/oembed/1.0/embeda02c.json]
[bibledit.org/wp-json/oembed/1.0/embed6beb]
[bibledit.org/wp-json/wp-statistics/v2/hit2b94.json]
[bibledit.org/help-checks/index.html]
[bibledit.org/wp-json/wp/v2/pages/2104.json]
[bibledit.org/wp-json/oembed/1.0/embed9ad9.json]
[bibledit.org/wp-json/oembed/1.0/embed60a1]
[bibledit.org/wp-json/wp-statistics/v2/hitdd73.json]
[bibledit.org/help-teams/index.html]
[bibledit.org/wp-json/wp/v2/pages/2106.json]
[bibledit.org/wp-json/oembed/1.0/embed6406.json]
[bibledit.org/wp-json/oembed/1.0/embed4a58]
[bibledit.org/wp-json/wp-statistics/v2/hita25d.json]
[bibledit.org/help-typesetting/index.html]
[bibledit.org/typesetting-in-libreoffice/index.html]
[bibledit.org/typesetting-in-scribus/index.html]
[bibledit.org/typesetting-in-adobe-indesign/index.html]
[bibledit.org/wp-json/wp/v2/pages/2108.json]
[bibledit.org/wp-json/oembed/1.0/embed6ee6.json]
[bibledit.org/wp-json/oembed/1.0/embedeefe]
[bibledit.org/wp-json/wp-statistics/v2/hit5813.json]
[bibledit.org/help-tips-and-tricks/index.html]
[bibledit.org/wp-json/wp/v2/pages/2110.json]
[bibledit.org/wp-json/oembed/1.0/embedd54f.json]
[bibledit.org/wp-json/oembed/1.0/embed8ea2]
[bibledit.org/wp-json/wp-statistics/v2/hit70c2.json]
[bibledit.org/free-bible/index.html]
[bibledit.org/help-about/index.html]
[bibledit.org/indexf420.html]
[bibledit.org/contact/GET.html]
[bibledit.org/index7d63.html]
[bibledit.org/features-bibledit/GET.html]
[bibledit.org/index2752.html]
[bibledit.org/install-bibledit-on-windows/GET.html]
[bibledit.org/index1923.html]
[bibledit.org/install-bibledit-on-linux/GET.html]
[bibledit.org/changelog/index.html]
[bibledit.org/licenses/index.html]
[bibledit.org/wp-json/wp/v2/pages/1972.json]
[bibledit.org/wp-json/oembed/1.0/embedfa16.json]
[bibledit.org/wp-json/oembed/1.0/embed700b]
[bibledit.org/wp-json/wp-statistics/v2/hitb85a.json]
[bibledit.org/install-bibledit-on-ubuntu/index.html]
[bibledit.org/index1e78.html]
[bibledit.org/install-bibledit-on-macos/GET.html]
[bibledit.org/index6752.html]
[bibledit.org/install-bibledit-on-chrome-os/GET.html]
[bibledit.org/install-bibledit-on-ios/index-2.html]
[bibledit.org/index68e0.html]
[bibledit.org/install-bibledit-on-iOS/GET.html]
[bibledit.org/index30ee.html]
[bibledit.org/install-bibledit-on-android/GET.html]
[bibledit.org/index7c5e.html]
[bibledit.org/install-bibledit-cloud-on-ubuntu/GET.html]
[bibledit.org/wp-json/wp/v2/pages/1988.json]
[bibledit.org/wp-json/oembed/1.0/embede278.json]
[bibledit.org/wp-json/oembed/1.0/embed00df]
[bibledit.org/wp-json/wp-statistics/v2/hit134c.json]
[bibledit.org/install-bibledit-cloud-on-debian-and-ubuntu/index.html]
[bibledit.org/wp-content/plugins/shortcodes-ultimate/vendor/fork-awesome/fonts/forkawesome-webfont5438.svg]
[bibledit.org/index30cd.html]
[bibledit.org/help-introduction/GET.html]
[bibledit.org/index8b9f.html]
[bibledit.org/help-installation/GET.html]
[bibledit.org/wp-json/wp/v2/pages/2133.json]
[bibledit.org/wp-json/oembed/1.0/embed6483.json]
[bibledit.org/wp-json/oembed/1.0/embed0e64]
[bibledit.org/wp-json/wp-statistics/v2/hitbbd2.json]
[bibledit.org/install-bibledit-cloud-on-centos/index.html]
[bibledit.org/wp-json/wp/v2/pages/2879.json]
[bibledit.org/wp-json/oembed/1.0/embed2e3c.json]
[bibledit.org/wp-json/oembed/1.0/embed77d3]
[bibledit.org/wp-json/wp-statistics/v2/hit223e.json]
[bibledit.org/install-bibledit-cloud-on-linux/index.html]
[bibledit.org/index024c.html]
[bibledit.org/help-methodology/GET.html]
[bibledit.org/wp-json/wp/v2/pages/2143.json]
[bibledit.org/wp-json/oembed/1.0/embedb660.json]
[bibledit.org/wp-json/oembed/1.0/embed99be]
[bibledit.org/wp-json/wp-statistics/v2/hit2301.json]
[bibledit.org/scrum-based-translation/index.html]
[bibledit.org/help-discussions.html]
[bibledit.org/wp-json/wp/v2/pages/2148.json]
[bibledit.org/wp-json/oembed/1.0/embedcb99.json]
[bibledit.org/wp-json/oembed/1.0/embeda5ab]
[bibledit.org/wp-json/wp-statistics/v2/hitfae9.json]
[bibledit.org/lean-management/index.html]
[bibledit.org/index9dc4.html]
[bibledit.org/help-navigation/GET.html]
[bibledit.org/indexccbb.html]
[bibledit.org/help-keyboard-shortcuts/GET.html]
[bibledit.org/index29c8.html]
[bibledit.org/help-screen-swiping/GET.html]
[bibledit.org/indexc648.html]
[bibledit.org/help-consultations/GET.html]
[bibledit.org/indexe3ee.html]
[bibledit.org/help-consistency/GET.html]
[bibledit.org/index4fc9.html]
[bibledit.org/help-checks/GET.html]
[bibledit.org/indexde16.html]
[bibledit.org/help-teams/GET.html]
[bibledit.org/indexd543.html]
[bibledit.org/help-typesetting/GET.html]
[bibledit.org/wp-json/wp/v2/pages/2168.json]
[bibledit.org/wp-json/oembed/1.0/embeda52a.json]
[bibledit.org/wp-json/oembed/1.0/embed3378]
[bibledit.org/wp-json/wp-statistics/v2/hit0118.json]
[bibledit.org/typesetting-in-libreoffice/index.html]
[bibledit.org/wp-json/wp/v2/pages/2171.json]
[bibledit.org/wp-json/oembed/1.0/embedfe43.json]
[bibledit.org/wp-json/oembed/1.0/embed3c49]
[bibledit.org/wp-json/wp-statistics/v2/hitd0dc.json]
[bibledit.org/typesetting-in-scribus/index.html]
[bibledit.org/wp-json/wp/v2/pages/2174.json]
[bibledit.org/wp-json/oembed/1.0/embedb899.json]
[bibledit.org/wp-json/oembed/1.0/embed6d51]
[bibledit.org/wp-json/wp-statistics/v2/hitad2d.json]
[bibledit.org/typesetting-in-adobe-indesign/index.html]
[bibledit.org/index8f7c.html]
[bibledit.org/help-tips-and-tricks/GET.html]
[bibledit.org/index2f60.html]
[bibledit.org/help-about/GET.html]
[bibledit.org/wp-json/wp/v2/pages/2195.json]
[bibledit.org/wp-json/oembed/1.0/embedb407.json]
[bibledit.org/wp-json/oembed/1.0/embed73cc]
[bibledit.org/wp-json/wp-statistics/v2/hitf1b1.json]
[bibledit.org/free-bible/index.html]
[bibledit.org/wp-json/wp/v2/pages/2197.json]
[bibledit.org/wp-json/oembed/1.0/embed6edf.json]
[bibledit.org/wp-json/oembed/1.0/embed393f]
[bibledit.org/wp-json/wp-statistics/v2/hit4e93.json]
[bibledit.org/changelog/index.html]
[bibledit.org/wp-json/wp/v2/pages/2199.json]
[bibledit.org/wp-json/oembed/1.0/embed60ed.json]
[bibledit.org/wp-json/oembed/1.0/embedb1e1]
[bibledit.org/wp-json/wp-statistics/v2/hit0ab1.json]
[bibledit.org/licenses/index.html]
[bibledit.org/indexb6a6.html]
[bibledit.org/install-bibledit-on-ubuntu/GET.html]
[bibledit.org/install-bibledit-on-ios/GET-2.html]
[bibledit.org/index73f2.html]
[bibledit.org/install-bibledit-cloud-on-debian-and-ubuntu/GET.html]
[bibledit.org/index13e6.html]
[bibledit.org/index6654.html]
[bibledit.org/install-bibledit-cloud-on-centos/GET.html]
[bibledit.org/index071b.html]
[bibledit.org/install-bibledit-cloud-on-linux/GET.html]
[bibledit.org/index5f74.html]
[bibledit.org/scrum-based-translation/GET.html]
[bibledit.org/index0704.html]
[bibledit.org/lean-management/GET.html]
[bibledit.org/index1313.html]
[bibledit.org/typesetting-in-libreoffice/GET.html]
[bibledit.org/index4fb4.html]
[bibledit.org/typesetting-in-scribus/GET.html]
[bibledit.org/indexad76.html]
[bibledit.org/typesetting-in-adobe-indesign/GET.html]
[bibledit.org/indexc292.html]
[bibledit.org/free-bible/GET.html]
[bibledit.org/index37c7.html]
[bibledit.org/changelog/GET.html]
[bibledit.org/indexede1.html]
[bibledit.org/licenses/GET.html]
